// Vitest Snapshot v1, https://vitest.dev/guide/snapshot.html

exports[`CookieBanner > Should match snapshot when banner is visible 1`] = `
"<div data-test-banner="" class="fixed z-50 flex flex-col items-center justify-center p-6 bg-primary/50 border-4 border-primary backdrop-blur rounded-lg gap-y-6 bottom-4 left-4 right-4 lg:flex-row md:justify-between lg:px-10 md:py-8 md:bottom-10 md:left-10 md:right-10"><span class="iconify i-tabler:cookie size-12 min-w-12" aria-hidden="true"></span>
  <p>components.cookieBanner.text</p>
  <div class="inline-flex gap-x-24 md:gap-x-8"><a href="/policies/cookie" data-test-cookie="" class="underline whitespace-pre underline-offset-4">components.cookieBanner.policy</a><button data-test-consent="" class="underline underline-offset-4">components.cookieBanner.button</button></div>
</div>"
`;
