// Vitest Snapshot v1, https://vitest.dev/guide/snapshot.html

exports[`Footer > Should match snapshot 1`] = `
"<div class="container-max px-4 pb-2 flex flex-col gap-10"><a href="/" test-id="footer-home" aria-label="components.navbar.home"><img width="201" height="62" data-nuxt-img="" srcset="/_ipx/q_90&amp;s_201x62/text-logo-light.svg 1x, /_ipx/q_90&amp;s_402x124/text-logo-light.svg 2x" alt="DnD Tracker logo" class="w-full hidden dark:block" src="/_ipx/q_90&amp;s_201x62/text-logo-light.svg"><img width="201" height="62" data-nuxt-img="" srcset="/_ipx/q_90&amp;s_201x62/text-logo-dark.svg 1x, /_ipx/q_90&amp;s_402x124/text-logo-dark.svg 2x" alt="DnD Tracker logo" class="w-full block dark:hidden" src="/_ipx/q_90&amp;s_201x62/text-logo-dark.svg"></a>
  <div data-orientation="horizontal" role="separator" class="shrink-0 relative h-px w-full bg-border"></div>
  <div class="grid sm:grid-cols-2 md:grid-cols-4 gap-y-10 gap-x-20 w-fit">
    <div class="mt-4 lg:mt-0">
      <p class="mb-3 text-sm font-semibold">components.navbar.contact</p>
      <div class="flex flex-col gap-2"><a href="mailto:jeremy@dnd-tracker.com" class="flex items-center text-sm" test-id="footer-email"><span class="iconify i-tabler:mail min-w-4 min-h-4 mr-2 text-muted-foreground" aria-hidden="true"></span> Email </a><a href="/contact" class="flex items-center text-sm" test-id="footer-contact"><span class="iconify i-tabler:forms min-w-4 min-h-4 mr-2 text-muted-foreground" aria-hidden="true"></span> Form </a></div>
    </div>
    <div>
      <p class="mb-3 text-sm font-semibold">components.navbar.socials</p>
      <div class="flex flex-col gap-2"><a href="https://www.instagram.com/dnd.tracker/" target="_blank" class="flex items-center text-sm" test-id="footer-instagram"><span class="iconify i-tabler:brand-instagram min-w-4 min-h-4 mr-2 text-muted-foreground" aria-hidden="true"></span> Instagram </a><a href="https://bsky.app/profile/lilmees.bsky.social" target="_blank" class="flex items-center text-sm" test-id="footer-bluesky"><span class="iconify i-tabler:brand-bluesky min-w-4 min-h-4 mr-2 text-muted-foreground" aria-hidden="true"></span> Bluesky </a><a href="https://ko-fi.com/jeremymees" target="_blank" class="flex items-center text-sm" test-id="footer-kofi"><span class="iconify i-tabler:coffee min-w-4 min-h-4 mr-2 text-muted-foreground" aria-hidden="true"></span> Kofi </a></div>
    </div>
    <div>
      <p class="mb-3 text-sm font-semibold">components.navbar.updates</p>
      <div class="flex flex-col gap-2"><a href="/updates/feature-request" class="flex items-center text-sm" test-id="footer-feature-request"><span class="iconify i-tabler:git-pull-request min-w-4 min-h-4 mr-2 text-muted-foreground" aria-hidden="true"></span> components.navbar.featureRequest</a><a href="/updates/changelog" class="flex items-center text-sm" test-id="footer-changelog"><span class="iconify i-tabler:bolt min-w-4 min-h-4 mr-2 text-muted-foreground" aria-hidden="true"></span> components.navbar.changelog</a><button class="flex items-center text-sm"><span class="iconify i-tabler:bug size-4 min-w-4 mr-2 text-muted-foreground" aria-hidden="true"></span> components.navbar.bug</button></div>
    </div>
    <div>
      <p class="mb-3 text-sm font-semibold">components.navbar.policies</p>
      <div class="flex flex-col gap-2"><a href="/policies/cookie" class="flex items-center text-sm" test-id="footer-cookie"><span class="iconify i-tabler:cookie min-w-4 min-h-4 mr-2 text-muted-foreground" aria-hidden="true"></span> components.navbar.cookie</a><a href="/policies/privacy" class="flex items-center text-sm" test-id="footer-privacy"><span class="iconify i-tabler:spy min-w-4 min-h-4 mr-2 text-muted-foreground" aria-hidden="true"></span> components.navbar.privacy</a><a href="/policies/legal" class="flex items-center text-sm" test-id="footer-legal"><span class="iconify i-tabler:gavel min-w-4 min-h-4 mr-2 text-muted-foreground" aria-hidden="true"></span> components.navbar.legal</a></div>
    </div>
  </div>
  <div class="flex flex-col gap-2">
    <div data-orientation="horizontal" role="separator" class="shrink-0 relative h-px w-full bg-border"></div>
    <div class="flex flex-wrap justify-between gap-x-20 gap-y-2"><a href="https://www.instagram.com/mount_lazarus/" target="_blank" class="text-muted-foreground text-sm" test-id="footer-illustration">components.navbar.illustrations Mount Lazarus </a><a href="/updates/changelog" class="text-muted-foreground text-sm" test-id="footer-version"> V3.3.1</a>
      <p class="text-tertiary text-sm" test-id="footer-copyright"> ©2026 dnd-tracker </p>
    </div>
  </div>
</div>"
`;
