// Vitest Snapshot v1, https://vitest.dev/guide/snapshot.html

exports[`error > Should match snapshot 1`] = `
"<div class="flex flex-col items-center min-h-screen">
  <div class="flex flex-col gap-y-6 items-center max-w-prose px-8 text-center pt-10">
    <div class="text-[100px] font-black"></div>
    <h1 class="text-primary">pages.error.404</h1>
    <p class="text-muted-foreground">pages.error.text</p>
    <div class="flex flex-wrap gap-x-4"><a href="/" class="inline-flex items-center justify-center gap-2 whitespace-nowrap rounded-lg text-sm font-medium ring-offset-background transition-colors focus-visible:outline-none focus-visible:ring-2 focus-visible:ring-ring focus-visible:ring-offset-2 disabled:pointer-events-none disabled:opacity-50 [&amp;_svg]:pointer-events-none [&amp;_svg]:size-4 [&amp;_svg]:shrink-0 border-4 bg-primary/50 hover:bg-primary/60 border-primary text-foreground shadow-sm h-10 px-4 py-2 w-fit">pages.error.goHome</a></div>
  </div>
  <div class="fixed bottom-0 w-full">
    <div style="transform: translateY(100%);">
      <div class="max-w-[300px] md:max-w-[500px] mx-auto"><img width="2468" height="1398" data-nuxt-img="" sizes="(max-width: 767px) 300px, (max-width: 1023px) 300px, 300px" srcset="/_ipx/q_90&amp;s_300x170/peeker.webp 300w, /_ipx/q_90&amp;s_600x340/peeker.webp 600w" alt="Dragon peeking from the bottom" class="w-full h-full object-cover" src="/_ipx/q_90&amp;s_600x340/peeker.webp"></div>
    </div>
  </div>
</div>"
`;
