// Vitest Snapshot v1, https://vitest.dev/guide/snapshot.html

exports[`ProfileData > Should match snapshot 1`] = `
"<form class="space-y-4">
  <div class="space-y-2"><label for="reka-v-0-0-0-form-item" required="false" class="text-sm font-medium leading-none peer-disabled:cursor-not-allowed peer-disabled:opacity-70">components.inputs.fullNameLabel<span class="text-destructive">*</span>
      <!--v-if-->
    </label><input id="reka-v-0-0-0-form-item" aria-describedby="reka-v-0-0-0-form-item-description" aria-invalid="false" name="name" type="text" class="flex h-10 w-full rounded-md border border-input bg-background px-3 py-2 text-sm ring-offset-background file:border-0 file:bg-transparent file:text-sm file:font-medium placeholder:text-muted-foreground focus-visible:outline-none focus-visible:ring-2 focus-visible:ring-ring focus-visible:ring-offset-2 disabled:cursor-not-allowed disabled:opacity-50" value="Bilbo Baggins">
    <!---->
  </div>
  <div class="space-y-2"><label for="reka-v-0-0-1-form-item" required="false" class="text-sm font-medium leading-none peer-disabled:cursor-not-allowed peer-disabled:opacity-70">components.inputs.usernameLabel<span class="text-destructive">*</span>
      <!--v-if-->
    </label><input id="reka-v-0-0-1-form-item" aria-describedby="reka-v-0-0-1-form-item-description" aria-invalid="false" name="username" type="text" class="flex h-10 w-full rounded-md border border-input bg-background px-3 py-2 text-sm ring-offset-background file:border-0 file:bg-transparent file:text-sm file:font-medium placeholder:text-muted-foreground focus-visible:outline-none focus-visible:ring-2 focus-visible:ring-ring focus-visible:ring-offset-2 disabled:cursor-not-allowed disabled:opacity-50" value="bilbo">
    <!---->
  </div>
  <div class="space-y-2"><label for="reka-v-0-0-2-form-item" required="false" class="text-sm font-medium leading-none peer-disabled:cursor-not-allowed peer-disabled:opacity-70">components.inputs.emailLabel<span class="text-destructive">*</span>
      <!--v-if-->
    </label><input id="reka-v-0-0-2-form-item" aria-describedby="reka-v-0-0-2-form-item-description" aria-invalid="false" name="email" type="email" class="flex h-10 w-full rounded-md border border-input bg-background px-3 py-2 text-sm ring-offset-background file:border-0 file:bg-transparent file:text-sm file:font-medium placeholder:text-muted-foreground focus-visible:outline-none focus-visible:ring-2 focus-visible:ring-ring focus-visible:ring-offset-2 disabled:cursor-not-allowed disabled:opacity-50" value="bilbo@shire.com">
    <!---->
  </div>
  <div class="space-y-2 flex items-center gap-2"><button id="reka-v-0-0-3-form-item" role="switch" type="button" aria-checked="false" aria-required="false" data-state="unchecked" class="peer inline-flex h-6 w-11 shrink-0 cursor-pointer items-center rounded-full border-2 border-transparent transition-colors focus-visible:outline-none focus-visible:ring-2 focus-visible:ring-ring focus-visible:ring-offset-2 focus-visible:ring-offset-background disabled:cursor-not-allowed disabled:opacity-50 data-[state=checked]:bg-primary data-[state=unchecked]:bg-input mb-0" aria-describedby="reka-v-0-0-3-form-item-description" aria-invalid="false" value="on"><span data-state="unchecked" class="pointer-events-none block h-5 w-5 rounded-full bg-background shadow-lg ring-0 transition-transform data-[state=checked]:translate-x-5"></span></button>
    <!--v-if--><label for="reka-v-0-0-3-form-item" required="false" class="text-sm font-medium leading-none peer-disabled:cursor-not-allowed peer-disabled:opacity-70">components.inputs.marketingLabel
      <!--v-if-->
      <!--v-if-->
    </label>
  </div>
  <!--v-if-->
  <div class="flex justify-end"><button class="inline-flex items-center justify-center gap-2 whitespace-nowrap rounded-lg text-sm font-medium ring-offset-background transition-colors focus-visible:outline-none focus-visible:ring-2 focus-visible:ring-ring focus-visible:ring-offset-2 disabled:pointer-events-none disabled:opacity-50 [&amp;_svg]:pointer-events-none [&amp;_svg]:size-4 [&amp;_svg]:shrink-0 border-4 bg-primary/50 hover:bg-primary/60 border-primary text-foreground shadow-sm h-10 px-4 py-2" type="submit">actions.save</button></div>
</form>"
`;
