// Vitest Snapshot v1, https://vitest.dev/guide/snapshot.html

exports[`Initiative table row concentration > Should match snapshot 1`] = `"<button class="inline-flex items-center justify-center gap-2 whitespace-nowrap rounded-lg text-sm font-medium ring-offset-background transition-colors focus-visible:outline-none focus-visible:ring-2 focus-visible:ring-ring focus-visible:ring-offset-2 disabled:pointer-events-none disabled:opacity-50 [&amp;_svg]:pointer-events-none [&amp;_svg]:size-4 [&amp;_svg]:shrink-0 hover:bg-primary hover:text-primary-foreground size-7 mx-auto" data-test-concentration="true" aria-label="general.concentration"><span class="iconify i-tabler:circle-filled" aria-hidden="true"></span></button>"`;
