// Vitest Snapshot v1, https://vitest.dev/guide/snapshot.html

exports[`Initiative table row modify > Should match snapshot 1`] = `"<div class="flex items-center justify-end"><a href="https://www.dndbeyond.com/characters/114215312" data-test-link="" aria-label="components.actions.link" class="icon-btn-info" target="_blank"><span class="iconify i-tabler:link size-5 min-w-5" aria-hidden="true"></span></a><button data-test-copy="" aria-label="actions.copy" class="icon-btn-help"><span class="iconify i-tabler:copy size-5 min-w-5" aria-hidden="true"></span></button><button data-test-delete="" aria-label="actions.delete" class="icon-btn-destructive"><span class="iconify i-tabler:trash size-5 min-w-5" aria-hidden="true"></span></button></div>"`;
