// Vitest Snapshot v1, https://vitest.dev/guide/snapshot.html

exports[`Initiative header > Should render correctly with required props 1`] = `
"<div class="relative flex flex-col min-[400px]:flex-row gap-x-4 gap-y-2 items-center justify-end container-max w-full"><img src="/gifs/cat.gif" loading="lazy" class="size-6 max-[350px]:hidden absolute top-13 sm:top-5 left-4" test-id="pet">
  <div class="flex gap-4 items-center"><span class="text-muted-foreground">general.round: <span test-id="round" class="font-bold text-foreground">1</span></span>
    <div>
      <div as-child=""><button class="inline-flex items-center justify-center gap-2 whitespace-nowrap font-medium ring-offset-background transition-colors focus-visible:outline-none focus-visible:ring-2 focus-visible:ring-ring focus-visible:ring-offset-2 disabled:pointer-events-none disabled:opacity-50 [&amp;_svg]:pointer-events-none [&amp;_svg]:size-4 [&amp;_svg]:shrink-0 border-4 bg-secondary/50 hover:bg-secondary/60 border-secondary text-foreground shadow-sm h-8 rounded-md px-3 text-xs group" id="tour-11" test-id="options-trigger" aria-label="general.action">general.action <span class="iconify i-tabler:chevron-down group-data-[state=open]:rotate-180 transition-transform" aria-hidden="true"></span></button></div>
      <div align="end" class="min-w-52">
        <!--v-if-->
        <!--v-if-->
        <!--v-if-->
        <div><button test-id="reset" class="gap-2 data-disabled:pointer-events-none data-disabled:opacity-50"><span class="iconify i-tabler:refresh text-destructive size-4 min-w-4" aria-hidden="true"></span> actions.reset</button>
          <div class="max-w-64"><button test-id="reset-soft" class="flex-col items-start gap-1"><span class="font-bold">components.encounterTable.reset.soft.title</span><span class="text-muted-foreground text-xs text-wrap">components.encounterTable.reset.soft.description</span></button>
            <hr><button test-id="reset-hard" class="flex-col items-start gap-1"><span class="font-bold">components.encounterTable.reset.hard.title</span><span class="text-muted-foreground text-xs text-wrap">components.encounterTable.reset.hard.description</span></button>
          </div>
        </div>
      </div>
    </div>
    <!--v-if-->
  </div>
  <div id="tour-1" class="w-full min-[400px]:w-auto flex gap-2 items-center justify-between bg-primary/50 rounded-lg border-4 border-primary"><button test-id="previous" disabled="" aria-label="actions.prev" class="group disabled:cursor-not-allowed duration-300 ease-in-out p-1 border-r-4 border-primary flex flex-col items-center"><span class="iconify i-tabler:chevron-left group-disabled:opacity-50 size-6" aria-hidden="true"></span></button>
    <p class="text-sm font-medium">components.inputs.initiativeLabel</p><button test-id="next" aria-label="actions.next" class="group disabled:cursor-not-allowed p-1 border-l-4 border-primary flex flex-col items-center"><span class="iconify i-tabler:chevron-right group-disabled:opacity-50 size-6" aria-hidden="true"></span></button>
  </div>
</div>"
`;
