// Vitest Snapshot v1, https://vitest.dev/guide/snapshot.html

exports[`SkeletonHomebrewSelectTableRow > Should match snapshot 1`] = `
"<tr class="transition-colors data-[state=selected]:bg-secondary border-b border-muted-foreground">
  <td class="align-middle [&amp;:has([role=checkbox])]:pr-0 max-w-6 p-2">
    <div class="animate-pulse bg-muted size-5 rounded-lg"></div>
  </td>
  <td class="align-middle [&amp;:has([role=checkbox])]:pr-0 flex gap-2 p-2">
    <div class="animate-pulse bg-muted w-20 h-5 rounded-lg"></div>
    <div class="animate-pulse bg-muted w-20 h-5 rounded-full"></div>
  </td>
  <td class="align-middle [&amp;:has([role=checkbox])]:pr-0 p-2">
    <div class="animate-pulse bg-muted w-20 h-5 rounded-full"></div>
  </td>
  <td class="align-middle [&amp;:has([role=checkbox])]:pr-0 p-2">
    <div class="animate-pulse bg-muted size-5 rounded-lg"></div>
  </td>
  <td class="align-middle [&amp;:has([role=checkbox])]:pr-0 p-2">
    <div class="animate-pulse bg-muted size-5 rounded-lg"></div>
  </td>
</tr>"
`;
