// Vitest Snapshot v1, https://vitest.dev/guide/snapshot.html

exports[`Initiative pinned content widget > Should match snapshot 1`] = `
"<div class="transition-colors duration-300 border-4 rounded-lg p-4 border-secondary bg-secondary/50">
  <div data-test-accordion="">
    <div data-state="open" data-orientation="vertical" class="border-b last:border-b-0">
      <h3 data-orientation="vertical" data-state="open" class="flex"><button type="button" aria-controls="" aria-expanded="true" data-state="open" id="reka-accordion-trigger-v-0-0-0" data-reka-collection-item="" data-orientation="vertical" class="flex flex-1 items-center justify-between py-4 font-medium transition-all [&amp;[data-state=open]>svg]:rotate-180 hover:no-underline">Acid Arrow<span class="iconify i-tabler:chevron-down size-4 shrink-0 transition-transform duration-200" aria-hidden="true"></span></button></h3>
      <div role="region" aria-labelledby="reka-accordion-trigger-v-0-0-0" data-orientation="vertical" style="--reka-accordion-content-width: var(--reka-collapsible-content-width); --reka-accordion-content-height: var(--reka-collapsible-content-height); --reka-collapsible-content-height: 0px; --reka-collapsible-content-width: 0px; transition-duration: 0s; animation-name: none;" class="overflow-hidden text-sm transition-all data-[state=closed]:animate-accordion-up data-[state=open]:animate-accordion-down" id="reka-collapsible-content-v-0-0-1">
        <div class="pb-4 pt-0">
          <contentcardcontent content="[object Object]" is-open="true" hide-open-button="() => true"></contentcardcontent>
          <div class="flex justify-end pt-4"><button class="inline-flex items-center justify-center gap-2 whitespace-nowrap rounded-lg text-sm font-medium ring-offset-background transition-colors focus-visible:outline-none focus-visible:ring-2 focus-visible:ring-ring focus-visible:ring-offset-2 disabled:pointer-events-none disabled:opacity-50 [&amp;_svg]:pointer-events-none [&amp;_svg]:size-4 [&amp;_svg]:shrink-0 border-4 bg-primary/50 hover:bg-primary/60 border-primary text-foreground shadow-sm h-10 px-4 py-2" aria-label="components.infoCard.remove"><span class="iconify i-tabler:pinned-off" aria-hidden="true"></span> components.infoCard.remove</button></div>
        </div>
      </div>
    </div>
    <div data-state="open" data-orientation="vertical" class="border-b last:border-b-0">
      <h3 data-orientation="vertical" data-state="open" class="flex"><button type="button" aria-controls="" aria-expanded="true" data-state="open" id="reka-accordion-trigger-v-0-0-2" data-reka-collection-item="" data-orientation="vertical" class="flex flex-1 items-center justify-between py-4 font-medium transition-all [&amp;[data-state=open]>svg]:rotate-180 hover:no-underline">Breastplate<span class="iconify i-tabler:chevron-down size-4 shrink-0 transition-transform duration-200" aria-hidden="true"></span></button></h3>
      <div role="region" aria-labelledby="reka-accordion-trigger-v-0-0-2" data-orientation="vertical" style="--reka-accordion-content-width: var(--reka-collapsible-content-width); --reka-accordion-content-height: var(--reka-collapsible-content-height); --reka-collapsible-content-height: 0px; --reka-collapsible-content-width: 0px; transition-duration: 0s; animation-name: none;" class="overflow-hidden text-sm transition-all data-[state=closed]:animate-accordion-up data-[state=open]:animate-accordion-down" id="reka-collapsible-content-v-0-0-3">
        <div class="pb-4 pt-0">
          <contentcardcontent content="[object Object]" is-open="true" hide-open-button="() => true"></contentcardcontent>
          <div class="flex justify-end pt-4"><button class="inline-flex items-center justify-center gap-2 whitespace-nowrap rounded-lg text-sm font-medium ring-offset-background transition-colors focus-visible:outline-none focus-visible:ring-2 focus-visible:ring-ring focus-visible:ring-offset-2 disabled:pointer-events-none disabled:opacity-50 [&amp;_svg]:pointer-events-none [&amp;_svg]:size-4 [&amp;_svg]:shrink-0 border-4 bg-primary/50 hover:bg-primary/60 border-primary text-foreground shadow-sm h-10 px-4 py-2" aria-label="components.infoCard.remove"><span class="iconify i-tabler:pinned-off" aria-hidden="true"></span> components.infoCard.remove</button></div>
        </div>
      </div>
    </div>
  </div>
</div>"
`;
