// Vitest Snapshot v1, https://vitest.dev/guide/snapshot.html

exports[`DnDContentSearch > Should match snapshot 1`] = `
"<div class="max-h-full flex flex-col gap-4">
  <div class="flex flex-col gap-2">
    <div class="flex flex-col sm:flex-row items-center gap-x-4 gap-y-2">
      <div id="formkit-stub" modelvalue="" data-test-search="" disabled="false" type="search" label="components.inputs.nameLabel" outer-class="$reset !pb-0 w-full sm:w-auto sm:flex-1"></div>
      <div id="formkit-stub" modelvalue="spells" data-test-type="" disabled="false" type="select" label="components.inputs.typeLabel" options="[object Object],[object Object],[object Object],[object Object],[object Object],[object Object]" outer-class="$reset !pb-0 w-full sm:w-auto sm:flex-1"></div>
    </div>
    <div class="overflow-hidden">
      <div class="flex gap-2"><button data-test-pin-toggle="" aria-label="components.dndContentSearch.show" class="btn-ghost text-muted-foreground flex items-center gap-x-2"><span class="iconify i-tabler:pin size-4 min-w-4 text-foreground" aria-hidden="true"></span> components.dndContentSearch.show</button><button data-test-remove-pins="" aria-label="components.dndContentSearch.remove" class="btn-ghost flex items-center gap-x-2 text-muted-foreground"><span class="iconify i-tabler:trash size-4 min-w-4 text-foreground" aria-hidden="true"></span> components.dndContentSearch.remove</button></div>
    </div>
  </div>
  <div class="overflow-y-auto">
    <div class="grid gap-4 overflow-y-auto" style="grid-template-columns: repeat(2, minmax(0, 1fr));" data-test-content-grid="">
      <div class="flex flex-col gap-4">
        <div class="rounded-lg text-card-foreground shadow-sm bg-secondary/50 border-secondary relative border-4" id="el">
          <div class="flex flex-col gap-y-1.5 p-6">
            <!--v-if-->
            <h3 class="text-2xl font-semibold leading-none tracking-tight" data-test-title="">Breastplate</h3>
          </div>
          <div class="p-6 pt-0">
            <!--v-if-->
            <!--v-if-->
          </div>
          <div class="flex items-center p-6 pt-0">
            <div class="flex justify-end w-full"><button class="flex gap-2 text-foreground" aria-label="actions.readMore">
                <p>actions.readMore</p><span class="iconify i-tabler:chevron-down duration-200 size-6 stroke-2" aria-hidden="true"></span>
              </button></div>
          </div>
        </div>
        <div class="rounded-lg text-card-foreground shadow-sm bg-secondary/50 border-secondary relative border-4" id="">
          <div class="flex flex-col gap-y-1.5 p-6">
            <!--v-if-->
            <h3 class="text-2xl font-semibold leading-none tracking-tight" data-test-title="">Chain mail</h3>
          </div>
          <div class="p-6 pt-0">
            <!--v-if-->
            <!--v-if-->
          </div>
          <div class="flex items-center p-6 pt-0">
            <div class="flex justify-end w-full"><button class="flex gap-2 text-foreground" aria-label="actions.readMore">
                <p>actions.readMore</p><span class="iconify i-tabler:chevron-down duration-200 size-6 stroke-2" aria-hidden="true"></span>
              </button></div>
          </div>
        </div>
        <div class="rounded-lg text-card-foreground shadow-sm bg-secondary/50 border-secondary relative border-4" id="">
          <div class="flex flex-col gap-y-1.5 p-6">
            <!--v-if-->
            <h3 class="text-2xl font-semibold leading-none tracking-tight" data-test-title="">Half plate</h3>
          </div>
          <div class="p-6 pt-0">
            <!--v-if-->
            <!--v-if-->
          </div>
          <div class="flex items-center p-6 pt-0">
            <div class="flex justify-end w-full"><button class="flex gap-2 text-foreground" aria-label="actions.readMore">
                <p>actions.readMore</p><span class="iconify i-tabler:chevron-down duration-200 size-6 stroke-2" aria-hidden="true"></span>
              </button></div>
          </div>
        </div>
        <div class="rounded-lg text-card-foreground shadow-sm bg-secondary/50 border-secondary relative border-4" id="">
          <div class="flex flex-col gap-y-1.5 p-6">
            <!--v-if-->
            <h3 class="text-2xl font-semibold leading-none tracking-tight" data-test-title="">Leather</h3>
          </div>
          <div class="p-6 pt-0">
            <!--v-if-->
            <!--v-if-->
          </div>
          <div class="flex items-center p-6 pt-0">
            <div class="flex justify-end w-full"><button class="flex gap-2 text-foreground" aria-label="actions.readMore">
                <p>actions.readMore</p><span class="iconify i-tabler:chevron-down duration-200 size-6 stroke-2" aria-hidden="true"></span>
              </button></div>
          </div>
        </div>
        <div class="rounded-lg text-card-foreground shadow-sm bg-secondary/50 border-secondary relative border-4" id="">
          <div class="flex flex-col gap-y-1.5 p-6">
            <!--v-if-->
            <h3 class="text-2xl font-semibold leading-none tracking-tight" data-test-title="">Padded</h3>
          </div>
          <div class="p-6 pt-0">
            <!--v-if-->
            <!--v-if-->
          </div>
          <div class="flex items-center p-6 pt-0">
            <div class="flex justify-end w-full"><button class="flex gap-2 text-foreground" aria-label="actions.readMore">
                <p>actions.readMore</p><span class="iconify i-tabler:chevron-down duration-200 size-6 stroke-2" aria-hidden="true"></span>
              </button></div>
          </div>
        </div>
        <div class="rounded-lg text-card-foreground shadow-sm bg-secondary/50 border-secondary relative border-4" id="">
          <div class="flex flex-col gap-y-1.5 p-6">
            <!--v-if-->
            <h3 class="text-2xl font-semibold leading-none tracking-tight" data-test-title="">Ring mail</h3>
          </div>
          <div class="p-6 pt-0">
            <!--v-if-->
            <!--v-if-->
          </div>
          <div class="flex items-center p-6 pt-0">
            <div class="flex justify-end w-full"><button class="flex gap-2 text-foreground" aria-label="actions.readMore">
                <p>actions.readMore</p><span class="iconify i-tabler:chevron-down duration-200 size-6 stroke-2" aria-hidden="true"></span>
              </button></div>
          </div>
        </div>
        <div class="rounded-lg text-card-foreground shadow-sm bg-secondary/50 border-secondary relative border-4" id="">
          <div class="flex flex-col gap-y-1.5 p-6">
            <!--v-if-->
            <h3 class="text-2xl font-semibold leading-none tracking-tight" data-test-title="">Shield</h3>
          </div>
          <div class="p-6 pt-0">
            <!--v-if-->
            <!--v-if-->
          </div>
          <div class="flex items-center p-6 pt-0">
            <div class="flex justify-end w-full"><button class="flex gap-2 text-foreground" aria-label="actions.readMore">
                <p>actions.readMore</p><span class="iconify i-tabler:chevron-down duration-200 size-6 stroke-2" aria-hidden="true"></span>
              </button></div>
          </div>
        </div>
        <div class="rounded-lg text-card-foreground shadow-sm bg-secondary/50 border-secondary relative border-4" id="">
          <div class="flex flex-col gap-y-1.5 p-6">
            <!--v-if-->
            <h3 class="text-2xl font-semibold leading-none tracking-tight" data-test-title="">Studded Leather</h3>
          </div>
          <div class="p-6 pt-0">
            <!--v-if-->
            <!--v-if-->
          </div>
          <div class="flex items-center p-6 pt-0">
            <div class="flex justify-end w-full"><button class="flex gap-2 text-foreground" aria-label="actions.readMore">
                <p>actions.readMore</p><span class="iconify i-tabler:chevron-down duration-200 size-6 stroke-2" aria-hidden="true"></span>
              </button></div>
          </div>
        </div>
        <div class="rounded-lg text-card-foreground shadow-sm bg-secondary/50 border-secondary relative border-4" id="">
          <div class="flex flex-col gap-y-1.5 p-6">
            <!--v-if-->
            <h3 class="text-2xl font-semibold leading-none tracking-tight" data-test-title="">Unarmored Defense (Barbarian)</h3>
          </div>
          <div class="p-6 pt-0">
            <!--v-if-->
            <!--v-if-->
          </div>
          <div class="flex items-center p-6 pt-0">
            <div class="flex justify-end w-full"><button class="flex gap-2 text-foreground" aria-label="actions.readMore">
                <p>actions.readMore</p><span class="iconify i-tabler:chevron-down duration-200 size-6 stroke-2" aria-hidden="true"></span>
              </button></div>
          </div>
        </div>
      </div>
      <div class="flex flex-col gap-4">
        <div class="rounded-lg text-card-foreground shadow-sm bg-secondary/50 border-secondary relative border-4" id="el">
          <div class="flex flex-col gap-y-1.5 p-6">
            <!--v-if-->
            <h3 class="text-2xl font-semibold leading-none tracking-tight" data-test-title="">Chain Shirt</h3>
          </div>
          <div class="p-6 pt-0">
            <!--v-if-->
            <!--v-if-->
          </div>
          <div class="flex items-center p-6 pt-0">
            <div class="flex justify-end w-full"><button class="flex gap-2 text-foreground" aria-label="actions.readMore">
                <p>actions.readMore</p><span class="iconify i-tabler:chevron-down duration-200 size-6 stroke-2" aria-hidden="true"></span>
              </button></div>
          </div>
        </div>
        <div class="rounded-lg text-card-foreground shadow-sm bg-secondary/50 border-secondary relative border-4" id="">
          <div class="flex flex-col gap-y-1.5 p-6">
            <!--v-if-->
            <h3 class="text-2xl font-semibold leading-none tracking-tight" data-test-title="">Draconic Resilience</h3>
          </div>
          <div class="p-6 pt-0">
            <!--v-if-->
            <!--v-if-->
          </div>
          <div class="flex items-center p-6 pt-0">
            <div class="flex justify-end w-full"><button class="flex gap-2 text-foreground" aria-label="actions.readMore">
                <p>actions.readMore</p><span class="iconify i-tabler:chevron-down duration-200 size-6 stroke-2" aria-hidden="true"></span>
              </button></div>
          </div>
        </div>
        <div class="rounded-lg text-card-foreground shadow-sm bg-secondary/50 border-secondary relative border-4" id="">
          <div class="flex flex-col gap-y-1.5 p-6">
            <!--v-if-->
            <h3 class="text-2xl font-semibold leading-none tracking-tight" data-test-title="">Hide</h3>
          </div>
          <div class="p-6 pt-0">
            <!--v-if-->
            <!--v-if-->
          </div>
          <div class="flex items-center p-6 pt-0">
            <div class="flex justify-end w-full"><button class="flex gap-2 text-foreground" aria-label="actions.readMore">
                <p>actions.readMore</p><span class="iconify i-tabler:chevron-down duration-200 size-6 stroke-2" aria-hidden="true"></span>
              </button></div>
          </div>
        </div>
        <div class="rounded-lg text-card-foreground shadow-sm bg-secondary/50 border-secondary relative border-4" id="">
          <div class="flex flex-col gap-y-1.5 p-6">
            <!--v-if-->
            <h3 class="text-2xl font-semibold leading-none tracking-tight" data-test-title="">Mage Armor</h3>
          </div>
          <div class="p-6 pt-0">
            <!--v-if-->
            <!--v-if-->
          </div>
          <div class="flex items-center p-6 pt-0">
            <div class="flex justify-end w-full"><button class="flex gap-2 text-foreground" aria-label="actions.readMore">
                <p>actions.readMore</p><span class="iconify i-tabler:chevron-down duration-200 size-6 stroke-2" aria-hidden="true"></span>
              </button></div>
          </div>
        </div>
        <div class="rounded-lg text-card-foreground shadow-sm bg-secondary/50 border-secondary relative border-4" id="">
          <div class="flex flex-col gap-y-1.5 p-6">
            <!--v-if-->
            <h3 class="text-2xl font-semibold leading-none tracking-tight" data-test-title="">Plate</h3>
          </div>
          <div class="p-6 pt-0">
            <!--v-if-->
            <!--v-if-->
          </div>
          <div class="flex items-center p-6 pt-0">
            <div class="flex justify-end w-full"><button class="flex gap-2 text-foreground" aria-label="actions.readMore">
                <p>actions.readMore</p><span class="iconify i-tabler:chevron-down duration-200 size-6 stroke-2" aria-hidden="true"></span>
              </button></div>
          </div>
        </div>
        <div class="rounded-lg text-card-foreground shadow-sm bg-secondary/50 border-secondary relative border-4" id="">
          <div class="flex flex-col gap-y-1.5 p-6">
            <!--v-if-->
            <h3 class="text-2xl font-semibold leading-none tracking-tight" data-test-title="">Scale mail</h3>
          </div>
          <div class="p-6 pt-0">
            <!--v-if-->
            <!--v-if-->
          </div>
          <div class="flex items-center p-6 pt-0">
            <div class="flex justify-end w-full"><button class="flex gap-2 text-foreground" aria-label="actions.readMore">
                <p>actions.readMore</p><span class="iconify i-tabler:chevron-down duration-200 size-6 stroke-2" aria-hidden="true"></span>
              </button></div>
          </div>
        </div>
        <div class="rounded-lg text-card-foreground shadow-sm bg-secondary/50 border-secondary relative border-4" id="">
          <div class="flex flex-col gap-y-1.5 p-6">
            <!--v-if-->
            <h3 class="text-2xl font-semibold leading-none tracking-tight" data-test-title="">Splint</h3>
          </div>
          <div class="p-6 pt-0">
            <!--v-if-->
            <!--v-if-->
          </div>
          <div class="flex items-center p-6 pt-0">
            <div class="flex justify-end w-full"><button class="flex gap-2 text-foreground" aria-label="actions.readMore">
                <p>actions.readMore</p><span class="iconify i-tabler:chevron-down duration-200 size-6 stroke-2" aria-hidden="true"></span>
              </button></div>
          </div>
        </div>
        <div class="rounded-lg text-card-foreground shadow-sm bg-secondary/50 border-secondary relative border-4" id="">
          <div class="flex flex-col gap-y-1.5 p-6">
            <!--v-if-->
            <h3 class="text-2xl font-semibold leading-none tracking-tight" data-test-title="">Unarmored</h3>
          </div>
          <div class="p-6 pt-0">
            <!--v-if-->
            <!--v-if-->
          </div>
          <div class="flex items-center p-6 pt-0">
            <div class="flex justify-end w-full"><button class="flex gap-2 text-foreground" aria-label="actions.readMore">
                <p>actions.readMore</p><span class="iconify i-tabler:chevron-down duration-200 size-6 stroke-2" aria-hidden="true"></span>
              </button></div>
          </div>
        </div>
        <div class="rounded-lg text-card-foreground shadow-sm bg-secondary/50 border-secondary relative border-4" id="">
          <div class="flex flex-col gap-y-1.5 p-6">
            <!--v-if-->
            <h3 class="text-2xl font-semibold leading-none tracking-tight" data-test-title="">Unarmored Defense (Monk)</h3>
          </div>
          <div class="p-6 pt-0">
            <!--v-if-->
            <!--v-if-->
          </div>
          <div class="flex items-center p-6 pt-0">
            <div class="flex justify-end w-full"><button class="flex gap-2 text-foreground" aria-label="actions.readMore">
                <p>actions.readMore</p><span class="iconify i-tabler:chevron-down duration-200 size-6 stroke-2" aria-hidden="true"></span>
              </button></div>
          </div>
        </div>
      </div>
    </div>
  </div>
  <!--v-if-->
  <!--v-if-->
  <!--v-if-->
</div>"
`;
